// Jest Snapshot v1, https://goo.gl/fbAQLP

exports[`match snapshot 1`] = `
<div
  className="player MusicPlayer"
  title="MusicPlayer"
>
  <audio
    id="audio"
  >
    <source
      src="themeMusic.mp3"
    />
    Your browser does not support the 
    <code>
      audio
    </code>
     element.
  </audio>
  <div
    className="controls"
  >
    <button
      className="player__button"
      onClick={[Function]}
      title="btnPause"
    >
      <span
        aria-label="pause-circle"
        className="anticon anticon-pause-circle"
        role="img"
      >
        <svg
          aria-hidden="true"
          data-icon="pause-circle"
          fill="currentColor"
          focusable="false"
          height="1em"
          viewBox="64 64 896 896"
          width="1em"
        >
          <path
            d="M512 64C264.6 64 64 264.6 64 512s200.6 448 448 448 448-200.6 448-448S759.4 64 512 64zm0 820c-205.4 0-372-166.6-372-372s166.6-372 372-372 372 166.6 372 372-166.6 372-372 372zm-88-532h-48c-4.4 0-8 3.6-8 8v304c0 4.4 3.6 8 8 8h48c4.4 0 8-3.6 8-8V360c0-4.4-3.6-8-8-8zm224 0h-48c-4.4 0-8 3.6-8 8v304c0 4.4 3.6 8 8 8h48c4.4 0 8-3.6 8-8V360c0-4.4-3.6-8-8-8z"
          />
        </svg>
      </span>
    </button>
  </div>
</div>
`;
